
> listados@0.0.0 test C:\Users\pedro\OneDrive\Desktop\Proyectos_Santiago\Impuestos\listados
> ng test "--watch=false"

npm : - Generating browser application bundles (phase: setup)...
En línea: 1 Carácter: 1
+ npm test -- --watch=false 2>&1 | Tee-Object -FilePath 
"test-output.tx ...
+ ~~~~~~~~~~~~~~~~~~~~~~~~~~~~~~
    + CategoryInfo          : NotSpecified: (- Generating br...h 
   ase: setup)...:String) [], RemoteException
    + FullyQualifiedErrorId : NativeCommandError
 
05 10 2025 01:45:06.388:INFO [karma-server]: Karma v6.3.20 server started at http://localhost:9877/
05 10 2025 01:45:06.389:INFO [launcher]: Launching browsers Chrome with concurrency unlimited
05 10 2025 01:45:06.394:INFO [launcher]: Starting browser Chrome
Ô£ö Browser application bundle generation complete.
05 10 2025 01:45:10.392:INFO [Chrome 140.0.0.0 (Windows 10)]: Connected on socket qoccrbnD_aziHy24AAAB with id 74366387
Chrome 140.0.0.0 (Windows 10): Executed 0 of 78[32m SUCCESS[39m (0 secs / 0 secs)
[1A[2KLOG: [36m'[ConfirmService] confirmAsync called with message:', 'ok'[39m
Chrome 140.0.0.0 (Windows 10): Executed 0 of 78[32m SUCCESS[39m (0 secs / 0 secs)
LOG: '[ConfirmService] confirmAsync called with message:', 'ok'
[1A[2K[31mChrome 140.0.0.0 (Windows 10) ConfirmService should resolve true when app-confirm-result true is dispatched FAILED[39m
	Error: Timeout - Async function did not complete within 5000ms (set by jasmine.DEFAULT_TIMEOUT_INTERVAL)
	    at <Jasmine>
Chrome 140.0.0.0 (Windows 10): Executed 1 of 78[31m (1 FAILED)[39m (0 secs / 5.024 secs)
[1A[2KChrome 140.0.0.0 (Windows 10): Executed 2 of 78[31m (1 FAILED)[39m (0 secs / 5.028 secs)
[1A[2KChrome 140.0.0.0 (Windows 10): Executed 3 of 78[31m (1 FAILED)[39m (0 secs / 5.029 secs)
[1A[2KChrome 140.0.0.0 (Windows 10): Executed 4 of 78[31m (1 FAILED)[39m (0 secs / 5.833 secs)
[1A[2KChrome 140.0.0.0 (Windows 10): Executed 5 of 78[31m (1 FAILED)[39m (0 secs / 6.643 secs)
[1A[2KChrome 140.0.0.0 (Windows 10): Executed 6 of 78[31m (1 FAILED)[39m (0 secs / 7.453 secs)
[1A[2KChrome 140.0.0.0 (Windows 10): Executed 7 of 78[31m (1 FAILED)[39m (0 secs / 8.26 secs)
[1A[2KChrome 140.0.0.0 (Windows 10): Executed 8 of 78[31m (1 FAILED)[39m (0 secs / 9.072 secs)
[1A[2KWARN: [36m'[AUTH] ÔÜá´©Å EmailJS no configurado. Ver instrucciones en email.service.ts'[39m
Chrome 140.0.0.0 (Windows 10): Executed 8 of 78[31m (1 FAILED)[39m (0 secs / 9.072 secs)
WARN: '[AUTH] ÔÜá´©Å EmailJS no configurado. Ver instrucciones en email.service.ts'
[1A[2KLOG: [36m'[AUTH] ­ƒôº C├│digo de verificaci├│n para admin@test.com: 661981'[39m
Chrome 140.0.0.0 (Windows 10): Executed 8 of 78[31m (1 FAILED)[39m (0 secs / 9.072 secs)
LOG: '[AUTH] ­ƒôº C├│digo de verificaci├│n para admin@test.com: 661981'
[1A[2KLOG: [36m'[AUTH] ­ƒÆí Para recibir emails reales, configura EmailJS siguiendo las instrucciones'[39m
Chrome 140.0.0.0 (Windows 10): Executed 8 of 78[31m (1 FAILED)[39m (0 secs / 9.072 secs)
LOG: '[AUTH] ­ƒÆí Para recibir emails reales, configura EmailJS siguiendo las instrucciones'
[1A[2KWARN: [36m'Spec 'AuthService Default Users should create default users on first load' has no expectations.'[39m
Chrome 140.0.0.0 (Windows 10): Executed 8 of 78[31m (1 FAILED)[39m (0 secs / 9.072 secs)
WARN: 'Spec 'AuthService Default Users should create default users on first load' has no expectations.'
[1A[2KChrome 140.0.0.0 (Windows 10): Executed 9 of 78[31m (1 FAILED)[39m (0 secs / 9.076 secs)
[1A[2KChrome 140.0.0.0 (Windows 10): Executed 10 of 78[31m (1 FAILED)[39m (0 secs / 9.893 secs)
[1A[2KChrome 140.0.0.0 (Windows 10): Executed 11 of 78[31m (1 FAILED)[39m (0 secs / 11.51 secs)
[1A[2KChrome 140.0.0.0 (Windows 10): Executed 12 of 78[31m (1 FAILED)[39m (0 secs / 11.51 secs)
[1A[2KChrome 140.0.0.0 (Windows 10): Executed 13 of 78[31m (1 FAILED)[39m (0 secs / 12.321 secs)
[1A[2KChrome 140.0.0.0 (Windows 10): Executed 14 of 78[31m (1 FAILED)[39m (0 secs / 13.129 secs)
[1A[2KChrome 140.0.0.0 (Windows 10): Executed 15 of 78[31m (1 FAILED)[39m (0 secs / 13.442 secs)
[1A[2KChrome 140.0.0.0 (Windows 10): Executed 16 of 78[31m (1 FAILED)[39m (0 secs / 14.251 secs)
[1A[2KChrome 140.0.0.0 (Windows 10): Executed 17 of 78[31m (1 FAILED)[39m (0 secs / 15.362 secs)
[1A[2KChrome 140.0.0.0 (Windows 10): Executed 18 of 78[31m (1 FAILED)[39m (0 secs / 15.364 secs)
[1A[2KChrome 140.0.0.0 (Windows 10): Executed 19 of 78[31m (1 FAILED)[39m (0 secs / 16.17 secs)
[1A[2KChrome 140.0.0.0 (Windows 10): Executed 20 of 78[31m (1 FAILED)[39m (0 secs / 16.978 secs)
[1A[2KWARN: [36m'[AUTH] ÔÜá´©Å EmailJS no configurado. Ver instrucciones en email.service.ts'[39m
Chrome 140.0.0.0 (Windows 10): Executed 20 of 78[31m (1 FAILED)[39m (0 secs / 16.978 secs)
WARN: '[AUTH] ÔÜá´©Å EmailJS no configurado. Ver instrucciones en email.service.ts'
[1A[2KLOG: [36m'[AUTH] ­ƒôº C├│digo de verificaci├│n para TEST@EXAMPLE.COM: 506029'[39m
Chrome 140.0.0.0 (Windows 10): Executed 20 of 78[31m (1 FAILED)[39m (0 secs / 16.978 secs)
LOG: '[AUTH] ­ƒôº C├│digo de verificaci├│n para TEST@EXAMPLE.COM: 506029'
[1A[2KLOG: [36m'[AUTH] ­ƒÆí Para recibir emails reales, configura EmailJS siguiendo las instrucciones'[39m
Chrome 140.0.0.0 (Windows 10): Executed 20 of 78[31m (1 FAILED)[39m (0 secs / 16.978 secs)
LOG: '[AUTH] ­ƒÆí Para recibir emails reales, configura EmailJS siguiendo las instrucciones'
[1A[2KChrome 140.0.0.0 (Windows 10): Executed 21 of 78[31m (1 FAILED)[39m (0 secs / 18.595 secs)
[1A[2KChrome 140.0.0.0 (Windows 10): Executed 22 of 78[31m (1 FAILED)[39m (0 secs / 19.4 secs)
[1A[2KWARN: [36m'[AUTH] ÔÜá´©Å EmailJS no configurado. Ver instrucciones en email.service.ts'[39m
Chrome 140.0.0.0 (Windows 10): Executed 22 of 78[31m (1 FAILED)[39m (0 secs / 19.4 secs)
WARN: '[AUTH] ÔÜá´©Å EmailJS no configurado. Ver instrucciones en email.service.ts'
[1A[2KLOG: [36m'[AUTH] ­ƒôº C├│digo de verificaci├│n para test@example.com: 483601'[39m
Chrome 140.0.0.0 (Windows 10): Executed 22 of 78[31m (1 FAILED)[39m (0 secs / 19.4 secs)
LOG: '[AUTH] ­ƒôº C├│digo de verificaci├│n para test@example.com: 483601'
[1A[2KLOG: [36m'[AUTH] ­ƒÆí Para recibir emails reales, configura EmailJS siguiendo las instrucciones'[39m
Chrome 140.0.0.0 (Windows 10): Executed 22 of 78[31m (1 FAILED)[39m (0 secs / 19.4 secs)
LOG: '[AUTH] ­ƒÆí Para recibir emails reales, configura EmailJS siguiendo las instrucciones'
[1A[2KChrome 140.0.0.0 (Windows 10): Executed 23 of 78[31m (1 FAILED)[39m (0 secs / 21.011 secs)
[1A[2KWARN: [36m'[AUTH] ÔÜá´©Å EmailJS no configurado. Ver instrucciones en email.service.ts'[39m
Chrome 140.0.0.0 (Windows 10): Executed 23 of 78[31m (1 FAILED)[39m (0 secs / 21.011 secs)
WARN: '[AUTH] ÔÜá´©Å EmailJS no configurado. Ver instrucciones en email.service.ts'
[1A[2KLOG: [36m'[AUTH] ­ƒôº C├│digo de verificaci├│n para test@example.com: 168205'[39m
Chrome 140.0.0.0 (Windows 10): Executed 23 of 78[31m (1 FAILED)[39m (0 secs / 21.011 secs)
LOG: '[AUTH] ­ƒôº C├│digo de verificaci├│n para test@example.com: 168205'
[1A[2KLOG: [36m'[AUTH] ­ƒÆí Para recibir emails reales, configura EmailJS siguiendo las instrucciones'[39m
Chrome 140.0.0.0 (Windows 10): Executed 23 of 78[31m (1 FAILED)[39m (0 secs / 21.011 secs)
LOG: '[AUTH] ­ƒÆí Para recibir emails reales, configura EmailJS siguiendo las instrucciones'
[1A[2KChrome 140.0.0.0 (Windows 10): Executed 24 of 78[31m (1 FAILED)[39m (0 secs / 22.627 secs)
[1A[2KWARN: [36m'[AUTH] ÔÜá´©Å EmailJS no configurado. Ver instrucciones en email.service.ts'[39m
Chrome 140.0.0.0 (Windows 10): Executed 24 of 78[31m (1 FAILED)[39m (0 secs / 22.627 secs)
WARN: '[AUTH] ÔÜá´©Å EmailJS no configurado. Ver instrucciones en email.service.ts'
[1A[2KLOG: [36m'[AUTH] ­ƒôº C├│digo de verificaci├│n para test@example.com: 788311'[39m
Chrome 140.0.0.0 (Windows 10): Executed 24 of 78[31m (1 FAILED)[39m (0 secs / 22.627 secs)
LOG: '[AUTH] ­ƒôº C├│digo de verificaci├│n para test@example.com: 788311'
[1A[2KLOG: [36m'[AUTH] ­ƒÆí Para recibir emails reales, configura EmailJS siguiendo las instrucciones'[39m
Chrome 140.0.0.0 (Windows 10): Executed 24 of 78[31m (1 FAILED)[39m (0 secs / 22.627 secs)
LOG: '[AUTH] ­ƒÆí Para recibir emails reales, configura EmailJS siguiendo las instrucciones'
[1A[2KChrome 140.0.0.0 (Windows 10): Executed 25 of 78[31m (1 FAILED)[39m (0 secs / 25.053 secs)
[1A[2KChrome 140.0.0.0 (Windows 10): Executed 26 of 78[31m (1 FAILED)[39m (0 secs / 25.056 secs)
[1A[2KChrome 140.0.0.0 (Windows 10): Executed 27 of 78[31m (1 FAILED)[39m (0 secs / 25.058 secs)
[1A[2KLOG: [36m'[ItemsListComponent] hasMore check - items:', 3, 'total:', 100, 'hasMore:', true[39m
Chrome 140.0.0.0 (Windows 10): Executed 27 of 78[31m (1 FAILED)[39m (0 secs / 25.058 secs)
LOG: '[ItemsListComponent] hasMore check - items:', 3, 'total:', 100, 'hasMore:', true
[1A[2KLOG: [36m'[ItemsListComponent] ngOnInit - Loading items from localStorage AND API'[39m
Chrome 140.0.0.0 (Windows 10): Executed 27 of 78[31m (1 FAILED)[39m (0 secs / 25.058 secs)
LOG: '[ItemsListComponent] ngOnInit - Loading items from localStorage AND API'
[1A[2KChrome 140.0.0.0 (Windows 10): Executed 28 of 78[31m (1 FAILED)[39m (0 secs / 25.171 secs)
[1A[2KLOG: [36m'[ItemsListComponent] hasMore check - items:', 3, 'total:', 100, 'hasMore:', true[39m
Chrome 140.0.0.0 (Windows 10): Executed 28 of 78[31m (1 FAILED)[39m (0 secs / 25.171 secs)
LOG: '[ItemsListComponent] hasMore check - items:', 3, 'total:', 100, 'hasMore:', true
[1A[2KLOG: [36m'[ItemsListComponent] ngOnInit - Loading items from localStorage AND API'[39m
Chrome 140.0.0.0 (Windows 10): Executed 28 of 78[31m (1 FAILED)[39m (0 secs / 25.171 secs)
LOG: '[ItemsListComponent] ngOnInit - Loading items from localStorage AND API'
[1A[2KChrome 140.0.0.0 (Windows 10): Executed 29 of 78[31m (1 FAILED)[39m (0 secs / 25.179 secs)
[1A[2KLOG: [36m'[ItemsListComponent] hasMore check - items:', 3, 'total:', 100, 'hasMore:', true[39m
Chrome 140.0.0.0 (Windows 10): Executed 29 of 78[31m (1 FAILED)[39m (0 secs / 25.179 secs)
LOG: '[ItemsListComponent] hasMore check - items:', 3, 'total:', 100, 'hasMore:', true
[1A[2KLOG: [36m'[ItemsListComponent] ngOnInit - Loading items from localStorage AND API'[39m
Chrome 140.0.0.0 (Windows 10): Executed 29 of 78[31m (1 FAILED)[39m (0 secs / 25.179 secs)
LOG: '[ItemsListComponent] ngOnInit - Loading items from localStorage AND API'
[1A[2KLOG: [36m'[ItemsListComponent] requestDelete called for id=', 1[39m
Chrome 140.0.0.0 (Windows 10): Executed 29 of 78[31m (1 FAILED)[39m (0 secs / 25.179 secs)
LOG: '[ItemsListComponent] requestDelete called for id=', 1
[1A[2KLOG: [36m'[ItemsListComponent] confirmAsync returned ok=', false[39m
Chrome 140.0.0.0 (Windows 10): Executed 29 of 78[31m (1 FAILED)[39m (0 secs / 25.179 secs)
LOG: '[ItemsListComponent] confirmAsync returned ok=', false
[1A[2KChrome 140.0.0.0 (Windows 10): Executed 30 of 78[31m (1 FAILED)[39m (0 secs / 25.19 secs)
[1A[2KLOG: [36m'[ItemsListComponent] hasMore check - items:', 3, 'total:', 100, 'hasMore:', true[39m
Chrome 140.0.0.0 (Windows 10): Executed 30 of 78[31m (1 FAILED)[39m (0 secs / 25.19 secs)
LOG: '[ItemsListComponent] hasMore check - items:', 3, 'total:', 100, 'hasMore:', true
[1A[2KLOG: [36m'[ItemsListComponent] ngOnInit - Loading items from localStorage AND API'[39m
Chrome 140.0.0.0 (Windows 10): Executed 30 of 78[31m (1 FAILED)[39m (0 secs / 25.19 secs)
LOG: '[ItemsListComponent] ngOnInit - Loading items from localStorage AND API'
[1A[2KLOG: [36m'[ItemsListComponent] requestDelete called for id=', 1[39m
Chrome 140.0.0.0 (Windows 10): Executed 30 of 78[31m (1 FAILED)[39m (0 secs / 25.19 secs)
LOG: '[ItemsListComponent] requestDelete called for id=', 1
[1A[2KLOG: [36m'[ItemsListComponent] confirmAsync returned ok=', true[39m
Chrome 140.0.0.0 (Windows 10): Executed 30 of 78[31m (1 FAILED)[39m (0 secs / 25.19 secs)
LOG: '[ItemsListComponent] confirmAsync returned ok=', true
[1A[2KLOG: [36m'[ItemsListComponent] Dispatching deleteItem for id=', 1[39m
Chrome 140.0.0.0 (Windows 10): Executed 30 of 78[31m (1 FAILED)[39m (0 secs / 25.19 secs)
LOG: '[ItemsListComponent] Dispatching deleteItem for id=', 1
[1A[2KChrome 140.0.0.0 (Windows 10): Executed 31 of 78[31m (1 FAILED)[39m (0 secs / 25.2 secs)
[1A[2KLOG: [36m'[ItemsListComponent] hasMore check - items:', 3, 'total:', 100, 'hasMore:', true[39m
Chrome 140.0.0.0 (Windows 10): Executed 31 of 78[31m (1 FAILED)[39m (0 secs / 25.2 secs)
LOG: '[ItemsListComponent] hasMore check - items:', 3, 'total:', 100, 'hasMore:', true
[1A[2KLOG: [36m'[ItemsListComponent] ngOnInit - Loading items from localStorage AND API'[39m
Chrome 140.0.0.0 (Windows 10): Executed 31 of 78[31m (1 FAILED)[39m (0 secs / 25.2 secs)
LOG: '[ItemsListComponent] ngOnInit - Loading items from localStorage AND API'
[1A[2KChrome 140.0.0.0 (Windows 10): Executed 32 of 78[31m (1 FAILED)[39m (0 secs / 25.212 secs)
[1A[2KLOG: [36m'[ItemsListComponent] hasMore check - items:', 3, 'total:', 100, 'hasMore:', true[39m
Chrome 140.0.0.0 (Windows 10): Executed 32 of 78[31m (1 FAILED)[39m (0 secs / 25.212 secs)
LOG: '[ItemsListComponent] hasMore check - items:', 3, 'total:', 100, 'hasMore:', true
[1A[2KLOG: [36m'[ItemsListComponent] ngOnInit - Loading items from localStorage AND API'[39m
Chrome 140.0.0.0 (Windows 10): Executed 32 of 78[31m (1 FAILED)[39m (0 secs / 25.212 secs)
LOG: '[ItemsListComponent] ngOnInit - Loading items from localStorage AND API'
[1A[2KLOG: [36m'[ItemsListComponent] editLocalItem called with id=', 1, 'changes=', Object{title: 'Actualizado'}[39m
Chrome 140.0.0.0 (Windows 10): Executed 32 of 78[31m (1 FAILED)[39m (0 secs / 25.212 secs)
LOG: '[ItemsListComponent] editLocalItem called with id=', 1, 'changes=', Object{title: 'Actualizado'}
[1A[2KChrome 140.0.0.0 (Windows 10): Executed 33 of 78[31m (1 FAILED)[39m (0 secs / 25.223 secs)
[1A[2KLOG: [36m'[ItemsListComponent] hasMore check - items:', 3, 'total:', 100, 'hasMore:', true[39m
Chrome 140.0.0.0 (Windows 10): Executed 33 of 78[31m (1 FAILED)[39m (0 secs / 25.223 secs)
LOG: '[ItemsListComponent] hasMore check - items:', 3, 'total:', 100, 'hasMore:', true
[1A[2KLOG: [36m'[ItemsListComponent] ngOnInit - Loading items from localStorage AND API'[39m
Chrome 140.0.0.0 (Windows 10): Executed 33 of 78[31m (1 FAILED)[39m (0 secs / 25.223 secs)
LOG: '[ItemsListComponent] ngOnInit - Loading items from localStorage AND API'
[1A[2KChrome 140.0.0.0 (Windows 10): Executed 34 of 78[31m (1 FAILED)[39m (0 secs / 25.233 secs)
[1A[2KLOG: [36m'[ItemsListComponent] hasMore check - items:', 3, 'total:', 100, 'hasMore:', true[39m
Chrome 140.0.0.0 (Windows 10): Executed 34 of 78[31m (1 FAILED)[39m (0 secs / 25.233 secs)
LOG: '[ItemsListComponent] hasMore check - items:', 3, 'total:', 100, 'hasMore:', true
[1A[2KLOG: [36m'[ItemsListComponent] ngOnInit - Loading items from localStorage AND API'[39m
Chrome 140.0.0.0 (Windows 10): Executed 34 of 78[31m (1 FAILED)[39m (0 secs / 25.233 secs)
LOG: '[ItemsListComponent] ngOnInit - Loading items from localStorage AND API'
[1A[2KChrome 140.0.0.0 (Windows 10): Executed 35 of 78[31m (1 FAILED)[39m (0 secs / 25.243 secs)
[1A[2KLOG: [36m'[ItemsListComponent] hasMore check - items:', 3, 'total:', 100, 'hasMore:', true[39m
Chrome 140.0.0.0 (Windows 10): Executed 35 of 78[31m (1 FAILED)[39m (0 secs / 25.243 secs)
LOG: '[ItemsListComponent] hasMore check - items:', 3, 'total:', 100, 'hasMore:', true
[1A[2KLOG: [36m'[ItemsListComponent] ngOnInit - Loading items from localStorage AND API'[39m
Chrome 140.0.0.0 (Windows 10): Executed 35 of 78[31m (1 FAILED)[39m (0 secs / 25.243 secs)
LOG: '[ItemsListComponent] ngOnInit - Loading items from localStorage AND API'
[1A[2KChrome 140.0.0.0 (Windows 10): Executed 36 of 78[31m (1 FAILED)[39m (0 secs / 25.256 secs)
[1A[2KLOG: [36m'[ItemsListComponent] hasMore check - items:', 3, 'total:', 100, 'hasMore:', true[39m
Chrome 140.0.0.0 (Windows 10): Executed 36 of 78[31m (1 FAILED)[39m (0 secs / 25.256 secs)
LOG: '[ItemsListComponent] hasMore check - items:', 3, 'total:', 100, 'hasMore:', true
[1A[2KLOG: [36m'[ItemsListComponent] ngOnInit - Loading items from localStorage AND API'[39m
Chrome 140.0.0.0 (Windows 10): Executed 36 of 78[31m (1 FAILED)[39m (0 secs / 25.256 secs)
LOG: '[ItemsListComponent] ngOnInit - Loading items from localStorage AND API'
[1A[2KLOG: [36m'[ItemsListComponent] ngOnInit - Loading items from localStorage AND API'[39m
Chrome 140.0.0.0 (Windows 10): Executed 36 of 78[31m (1 FAILED)[39m (0 secs / 25.256 secs)
LOG: '[ItemsListComponent] ngOnInit - Loading items from localStorage AND API'
[1A[2KChrome 140.0.0.0 (Windows 10): Executed 37 of 78[31m (1 FAILED)[39m (0 secs / 25.267 secs)
[1A[2KLOG: [36m'[ItemsListComponent] hasMore check - items:', 3, 'total:', 100, 'hasMore:', true[39m
Chrome 140.0.0.0 (Windows 10): Executed 37 of 78[31m (1 FAILED)[39m (0 secs / 25.267 secs)
LOG: '[ItemsListComponent] hasMore check - items:', 3, 'total:', 100, 'hasMore:', true
[1A[2KLOG: [36m'[ItemsListComponent] ngOnInit - Loading items from localStorage AND API'[39m
Chrome 140.0.0.0 (Windows 10): Executed 37 of 78[31m (1 FAILED)[39m (0 secs / 25.267 secs)
LOG: '[ItemsListComponent] ngOnInit - Loading items from localStorage AND API'
[1A[2KChrome 140.0.0.0 (Windows 10): Executed 38 of 78[31m (1 FAILED)[39m (0 secs / 25.277 secs)
[1A[2KLOG: [36m'[ItemsListComponent] hasMore check - items:', 3, 'total:', 100, 'hasMore:', true[39m
Chrome 140.0.0.0 (Windows 10): Executed 38 of 78[31m (1 FAILED)[39m (0 secs / 25.277 secs)
LOG: '[ItemsListComponent] hasMore check - items:', 3, 'total:', 100, 'hasMore:', true
[1A[2KLOG: [36m'[ItemsListComponent] ngOnInit - Loading items from localStorage AND API'[39m
Chrome 140.0.0.0 (Windows 10): Executed 38 of 78[31m (1 FAILED)[39m (0 secs / 25.277 secs)
LOG: '[ItemsListComponent] ngOnInit - Loading items from localStorage AND API'
[1A[2KLOG: [36m'[ItemsListComponent] cancelInlineEdit called'[39m
Chrome 140.0.0.0 (Windows 10): Executed 38 of 78[31m (1 FAILED)[39m (0 secs / 25.277 secs)
LOG: '[ItemsListComponent] cancelInlineEdit called'
[1A[2KChrome 140.0.0.0 (Windows 10): Executed 39 of 78[31m (1 FAILED)[39m (0 secs / 25.287 secs)
[1A[2KLOG: [36m'[ItemsListComponent] hasMore check - items:', 3, 'total:', 100, 'hasMore:', true[39m
Chrome 140.0.0.0 (Windows 10): Executed 39 of 78[31m (1 FAILED)[39m (0 secs / 25.287 secs)
LOG: '[ItemsListComponent] hasMore check - items:', 3, 'total:', 100, 'hasMore:', true
[1A[2KLOG: [36m'[ItemsListComponent] ngOnInit - Loading items from localStorage AND API'[39m
Chrome 140.0.0.0 (Windows 10): Executed 39 of 78[31m (1 FAILED)[39m (0 secs / 25.287 secs)
LOG: '[ItemsListComponent] ngOnInit - Loading items from localStorage AND API'
[1A[2KLOG: [36m'[ItemsListComponent] startInlineEdit called for item=', Object{id: 1, title: 'Item 1', body: 'Body 1', userId: 1}[39m
Chrome 140.0.0.0 (Windows 10): Executed 39 of 78[31m (1 FAILED)[39m (0 secs / 25.287 secs)
LOG: '[ItemsListComponent] startInlineEdit called for item=', Object{id: 1, title: 'Item 1', body: 'Body 1', userId: 1}
[1A[2KChrome 140.0.0.0 (Windows 10): Executed 40 of 78[31m (1 FAILED)[39m (0 secs / 25.295 secs)
[1A[2KLOG: [36m'[ItemsListComponent] hasMore check - items:', 3, 'total:', 100, 'hasMore:', true[39m
Chrome 140.0.0.0 (Windows 10): Executed 40 of 78[31m (1 FAILED)[39m (0 secs / 25.295 secs)
LOG: '[ItemsListComponent] hasMore check - items:', 3, 'total:', 100, 'hasMore:', true
[1A[2KLOG: [36m'[ItemsListComponent] ngOnInit - Loading items from localStorage AND API'[39m
Chrome 140.0.0.0 (Windows 10): Executed 40 of 78[31m (1 FAILED)[39m (0 secs / 25.295 secs)
LOG: '[ItemsListComponent] ngOnInit - Loading items from localStorage AND API'
[1A[2KLOG: [36m'[ItemsListComponent] saveInlineEdit called, editingId=', 1, 'editModel=', Object{title: 'Editado', body: 'Body editado'}[39m
Chrome 140.0.0.0 (Windows 10): Executed 40 of 78[31m (1 FAILED)[39m (0 secs / 25.295 secs)
LOG: '[ItemsListComponent] saveInlineEdit called, editingId=', 1, 'editModel=', Object{title: 'Editado', body: 'Body editado'}
[1A[2KLOG: [36m'[ItemsListComponent] editLocalItem called with id=', 1, 'changes=', Object{title: 'Editado', body: 'Body editado'}[39m
Chrome 140.0.0.0 (Windows 10): Executed 40 of 78[31m (1 FAILED)[39m (0 secs / 25.295 secs)
LOG: '[ItemsListComponent] editLocalItem called with id=', 1, 'changes=', Object{title: 'Editado', body: 'Body editado'}
[1A[2KLOG: [36m'[ItemsListComponent] cancelInlineEdit called'[39m
Chrome 140.0.0.0 (Windows 10): Executed 40 of 78[31m (1 FAILED)[39m (0 secs / 25.295 secs)
LOG: '[ItemsListComponent] cancelInlineEdit called'
[1A[2KChrome 140.0.0.0 (Windows 10): Executed 41 of 78[31m (1 FAILED)[39m (0 secs / 25.306 secs)
[1A[2KLOG: [36m'[ItemsListComponent] hasMore check - items:', 3, 'total:', 100, 'hasMore:', true[39m
Chrome 140.0.0.0 (Windows 10): Executed 41 of 78[31m (1 FAILED)[39m (0 secs / 25.306 secs)
LOG: '[ItemsListComponent] hasMore check - items:', 3, 'total:', 100, 'hasMore:', true
[1A[2KLOG: [36m'[ItemsListComponent] ngOnInit - Loading items from localStorage AND API'[39m
Chrome 140.0.0.0 (Windows 10): Executed 41 of 78[31m (1 FAILED)[39m (0 secs / 25.306 secs)
LOG: '[ItemsListComponent] ngOnInit - Loading items from localStorage AND API'
[1A[2KLOG: [36m'[ItemsListComponent] exportToCSV - exporting all items:', 3[39m
Chrome 140.0.0.0 (Windows 10): Executed 41 of 78[31m (1 FAILED)[39m (0 secs / 25.306 secs)
LOG: '[ItemsListComponent] exportToCSV - exporting all items:', 3
[1A[2KChrome 140.0.0.0 (Windows 10): Executed 42 of 78[31m (1 FAILED)[39m (0 secs / 25.319 secs)
[1A[2KLOG: [36m'[ItemsListComponent] hasMore check - items:', 3, 'total:', 100, 'hasMore:', true[39m
Chrome 140.0.0.0 (Windows 10): Executed 42 of 78[31m (1 FAILED)[39m (0 secs / 25.319 secs)
LOG: '[ItemsListComponent] hasMore check - items:', 3, 'total:', 100, 'hasMore:', true
[1A[2KLOG: [36m'[ItemsListComponent] ngOnInit - Loading items from localStorage AND API'[39m
Chrome 140.0.0.0 (Windows 10): Executed 42 of 78[31m (1 FAILED)[39m (0 secs / 25.319 secs)
LOG: '[ItemsListComponent] ngOnInit - Loading items from localStorage AND API'
[1A[2KLOG: [36m'[ItemsListComponent] exportToCSV - exporting all items:', 0[39m
Chrome 140.0.0.0 (Windows 10): Executed 42 of 78[31m (1 FAILED)[39m (0 secs / 25.319 secs)
LOG: '[ItemsListComponent] exportToCSV - exporting all items:', 0
[1A[2KChrome 140.0.0.0 (Windows 10): Executed 43 of 78[31m (1 FAILED)[39m (0 secs / 25.327 secs)
[1A[2KLOG: [36m'[ItemsListComponent] hasMore check - items:', 3, 'total:', 100, 'hasMore:', true[39m
Chrome 140.0.0.0 (Windows 10): Executed 43 of 78[31m (1 FAILED)[39m (0 secs / 25.327 secs)
LOG: '[ItemsListComponent] hasMore check - items:', 3, 'total:', 100, 'hasMore:', true
[1A[2KLOG: [36m'[ItemsListComponent] ngOnInit - Loading items from localStorage AND API'[39m
Chrome 140.0.0.0 (Windows 10): Executed 43 of 78[31m (1 FAILED)[39m (0 secs / 25.327 secs)
LOG: '[ItemsListComponent] ngOnInit - Loading items from localStorage AND API'
[1A[2KChrome 140.0.0.0 (Windows 10): Executed 44 of 78[31m (1 FAILED)[39m (0 secs / 25.334 secs)
[1A[2KLOG: [36m'[ItemsListComponent] hasMore check - items:', 3, 'total:', 100, 'hasMore:', true[39m
Chrome 140.0.0.0 (Windows 10): Executed 44 of 78[31m (1 FAILED)[39m (0 secs / 25.334 secs)
LOG: '[ItemsListComponent] hasMore check - items:', 3, 'total:', 100, 'hasMore:', true
[1A[2KLOG: [36m'[ItemsListComponent] ngOnInit - Loading items from localStorage AND API'[39m
Chrome 140.0.0.0 (Windows 10): Executed 44 of 78[31m (1 FAILED)[39m (0 secs / 25.334 secs)
LOG: '[ItemsListComponent] ngOnInit - Loading items from localStorage AND API'
[1A[2KChrome 140.0.0.0 (Windows 10): Executed 45 of 78[31m (1 FAILED)[39m (0 secs / 25.343 secs)
[1A[2KLOG: [36m'[ItemsListComponent] hasMore check - items:', 3, 'total:', 100, 'hasMore:', true[39m
Chrome 140.0.0.0 (Windows 10): Executed 45 of 78[31m (1 FAILED)[39m (0 secs / 25.343 secs)
LOG: '[ItemsListComponent] hasMore check - items:', 3, 'total:', 100, 'hasMore:', true
[1A[2KLOG: [36m'[ItemsListComponent] ngOnInit - Loading items from localStorage AND API'[39m
Chrome 140.0.0.0 (Windows 10): Executed 45 of 78[31m (1 FAILED)[39m (0 secs / 25.343 secs)
LOG: '[ItemsListComponent] ngOnInit - Loading items from localStorage AND API'
[1A[2KLOG: [36m'[ItemsListComponent] loadMore - current page:', 1, 'loading more...'[39m
Chrome 140.0.0.0 (Windows 10): Executed 45 of 78[31m (1 FAILED)[39m (0 secs / 25.343 secs)
LOG: '[ItemsListComponent] loadMore - current page:', 1, 'loading more...'
[1A[2KChrome 140.0.0.0 (Windows 10): Executed 46 of 78[31m (1 FAILED)[39m (0 secs / 25.351 secs)
[1A[2KLOG: [36m'[ItemsListComponent] hasMore check - items:', 3, 'total:', 100, 'hasMore:', true[39m
Chrome 140.0.0.0 (Windows 10): Executed 46 of 78[31m (1 FAILED)[39m (0 secs / 25.351 secs)
LOG: '[ItemsListComponent] hasMore check - items:', 3, 'total:', 100, 'hasMore:', true
[1A[2KLOG: [36m'[ItemsListComponent] ngOnInit - Loading items from localStorage AND API'[39m
Chrome 140.0.0.0 (Windows 10): Executed 46 of 78[31m (1 FAILED)[39m (0 secs / 25.351 secs)
LOG: '[ItemsListComponent] ngOnInit - Loading items from localStorage AND API'
[1A[2KLOG: [36m'[ItemsListComponent] deleteSelected - set isDeleting to TRUE'[39m
Chrome 140.0.0.0 (Windows 10): Executed 46 of 78[31m (1 FAILED)[39m (0 secs / 25.351 secs)
LOG: '[ItemsListComponent] deleteSelected - set isDeleting to TRUE'
[1A[2KLOG: [36m'[ItemsListComponent] deleteSelected - opening confirmation for', 3, 'items'[39m
Chrome 140.0.0.0 (Windows 10): Executed 46 of 78[31m (1 FAILED)[39m (0 secs / 25.351 secs)
LOG: '[ItemsListComponent] deleteSelected - opening confirmation for', 3, 'items'
[1A[2KLOG: [36m'[ItemsListComponent] deleteSelected - confirmation result:', true[39m
Chrome 140.0.0.0 (Windows 10): Executed 46 of 78[31m (1 FAILED)[39m (0 secs / 25.351 secs)
LOG: '[ItemsListComponent] deleteSelected - confirmation result:', true
[1A[2KLOG: [36m'[ItemsListComponent] deleteSelected - dispatching deleteItems'[39m
Chrome 140.0.0.0 (Windows 10): Executed 46 of 78[31m (1 FAILED)[39m (0 secs / 25.351 secs)
LOG: '[ItemsListComponent] deleteSelected - dispatching deleteItems'
[1A[2KLOG: [36m'[ItemsListComponent] deleteSelected - reset isDeleting to FALSE'[39m
Chrome 140.0.0.0 (Windows 10): Executed 46 of 78[31m (1 FAILED)[39m (0 secs / 25.351 secs)
LOG: '[ItemsListComponent] deleteSelected - reset isDeleting to FALSE'
[1A[2KChrome 140.0.0.0 (Windows 10): Executed 47 of 78[31m (1 FAILED)[39m (0 secs / 25.359 secs)
[1A[2KLOG: [36m'[ItemsListComponent] hasMore check - items:', 3, 'total:', 100, 'hasMore:', true[39m
Chrome 140.0.0.0 (Windows 10): Executed 47 of 78[31m (1 FAILED)[39m (0 secs / 25.359 secs)
LOG: '[ItemsListComponent] hasMore check - items:', 3, 'total:', 100, 'hasMore:', true
[1A[2KLOG: [36m'[ItemsListComponent] ngOnInit - Loading items from localStorage AND API'[39m
Chrome 140.0.0.0 (Windows 10): Executed 47 of 78[31m (1 FAILED)[39m (0 secs / 25.359 secs)
LOG: '[ItemsListComponent] ngOnInit - Loading items from localStorage AND API'
[1A[2KLOG: [36m'[ItemsListComponent] deleteSelected - no ids to delete'[39m
Chrome 140.0.0.0 (Windows 10): Executed 47 of 78[31m (1 FAILED)[39m (0 secs / 25.359 secs)
LOG: '[ItemsListComponent] deleteSelected - no ids to delete'
[1A[2KChrome 140.0.0.0 (Windows 10): Executed 48 of 78[31m (1 FAILED)[39m (0 secs / 25.367 secs)
[1A[2K[31mChrome 140.0.0.0 (Windows 10) AppComponent should create the app FAILED[39m
	NullInjectorError: R3InjectorError(DynamicTestModule)[Store -> Store]: 
	  NullInjectorError: No provider for Store!
	error properties: Object({ ngTempTokenPath: null, ngTokenPath: [ 'Store', 'Store' ] })
	NullInjectorError: R3InjectorError(DynamicTestModule)[Store -> Store]: 
	  NullInjectorError: No provider for Store!
	    at NullInjector.get (node_modules/@angular/core/__ivy_ngcc__/fesm2015/core.js:11207:1)
	    at R3Injector.get (node_modules/@angular/core/__ivy_ngcc__/fesm2015/core.js:11374:1)
	    at R3Injector.get (node_modules/@angular/core/__ivy_ngcc__/fesm2015/core.js:11374:1)
	    at NgModuleRef$1.get (node_modules/@angular/core/__ivy_ngcc__/fesm2015/core.js:25439:1)
	    at Object.get (node_modules/@angular/core/__ivy_ngcc__/fesm2015/core.js:25153:1)
	    at lookupTokenUsingModuleInjector (node_modules/@angular/core/__ivy_ngcc__/fesm2015/core.js:3355:1)
	    at getOrCreateInjectable (node_modules/@angular/core/__ivy_ngcc__/fesm2015/core.js:3467:1)
	    at ╔Á╔ÁdirectiveInject (node_modules/@angular/core/__ivy_ngcc__/fesm2015/core.js:14843:1)
	    at NodeInjectorFactory.AppComponent_Factory [as factory] (ng:///AppComponent/╔Áfac.js:4:40)
	    at getNodeInjectable (node_modules/@angular/core/__ivy_ngcc__/fesm2015/core.js:3562:1)
Chrome 140.0.0.0 (Windows 10): Executed 49 of 78[31m (2 FAILED)[39m (0 secs / 25.401 secs)
[1A[2K[31mChrome 140.0.0.0 (Windows 10) AppComponent should have as title 'listados' FAILED[39m
	NullInjectorError: R3InjectorError(DynamicTestModule)[Store -> Store]: 
	  NullInjectorError: No provider for Store!
	error properties: Object({ ngTempTokenPath: null, ngTokenPath: [ 'Store', 'Store' ] })
	NullInjectorError: R3InjectorError(DynamicTestModule)[Store -> Store]: 
	  NullInjectorError: No provider for Store!
	    at NullInjector.get (node_modules/@angular/core/__ivy_ngcc__/fesm2015/core.js:11207:1)
	    at R3Injector.get (node_modules/@angular/core/__ivy_ngcc__/fesm2015/core.js:11374:1)
	    at R3Injector.get (node_modules/@angular/core/__ivy_ngcc__/fesm2015/core.js:11374:1)
	    at NgModuleRef$1.get (node_modules/@angular/core/__ivy_ngcc__/fesm2015/core.js:25439:1)
	    at Object.get (node_modules/@angular/core/__ivy_ngcc__/fesm2015/core.js:25153:1)
	    at lookupTokenUsingModuleInjector (node_modules/@angular/core/__ivy_ngcc__/fesm2015/core.js:3355:1)
	    at getOrCreateInjectable (node_modules/@angular/core/__ivy_ngcc__/fesm2015/core.js:3467:1)
	    at ╔Á╔ÁdirectiveInject (node_modules/@angular/core/__ivy_ngcc__/fesm2015/core.js:14843:1)
	    at NodeInjectorFactory.AppComponent_Factory [as factory] (ng:///AppComponent/╔Áfac.js:4:40)
	    at getNodeInjectable (node_modules/@angular/core/__ivy_ngcc__/fesm2015/core.js:3562:1)
Chrome 140.0.0.0 (Windows 10): Executed 50 of 78[31m (3 FAILED)[39m (0 secs / 25.406 secs)
[1A[2K[31mChrome 140.0.0.0 (Windows 10) AppComponent should render title FAILED[39m
	NullInjectorError: R3InjectorError(DynamicTestModule)[Store -> Store]: 
	  NullInjectorError: No provider for Store!
	error properties: Object({ ngTempTokenPath: null, ngTokenPath: [ 'Store', 'Store' ] })
	NullInjectorError: R3InjectorError(DynamicTestModule)[Store -> Store]: 
	  NullInjectorError: No provider for Store!
	    at NullInjector.get (node_modules/@angular/core/__ivy_ngcc__/fesm2015/core.js:11207:1)
	    at R3Injector.get (node_modules/@angular/core/__ivy_ngcc__/fesm2015/core.js:11374:1)
	    at R3Injector.get (node_modules/@angular/core/__ivy_ngcc__/fesm2015/core.js:11374:1)
	    at NgModuleRef$1.get (node_modules/@angular/core/__ivy_ngcc__/fesm2015/core.js:25439:1)
	    at Object.get (node_modules/@angular/core/__ivy_ngcc__/fesm2015/core.js:25153:1)
	    at lookupTokenUsingModuleInjector (node_modules/@angular/core/__ivy_ngcc__/fesm2015/core.js:3355:1)
	    at getOrCreateInjectable (node_modules/@angular/core/__ivy_ngcc__/fesm2015/core.js:3467:1)
	    at ╔Á╔ÁdirectiveInject (node_modules/@angular/core/__ivy_ngcc__/fesm2015/core.js:14843:1)
	    at NodeInjectorFactory.AppComponent_Factory [as factory] (ng:///AppComponent/╔Áfac.js:4:40)
	    at getNodeInjectable (node_modules/@angular/core/__ivy_ngcc__/fesm2015/core.js:3562:1)
Chrome 140.0.0.0 (Windows 10): Executed 51 of 78[31m (4 FAILED)[39m (0 secs / 25.411 secs)
[1A[2KChrome 140.0.0.0 (Windows 10): Executed 52 of 78[31m (4 FAILED)[39m (0 secs / 25.417 secs)
[1A[2KChrome 140.0.0.0 (Windows 10): Executed 53 of 78[31m (4 FAILED)[39m (0 secs / 25.421 secs)
[1A[2KChrome 140.0.0.0 (Windows 10): Executed 54 of 78[31m (4 FAILED)[39m (0 secs / 25.423 secs)
[1A[2KChrome 140.0.0.0 (Windows 10): Executed 55 of 78[31m (4 FAILED)[39m (0 secs / 25.425 secs)
[1A[2KChrome 140.0.0.0 (Windows 10): Executed 56 of 78[31m (4 FAILED)[39m (0 secs / 25.427 secs)
[1A[2KChrome 140.0.0.0 (Windows 10): Executed 57 of 78[31m (4 FAILED)[39m (0 secs / 25.429 secs)
[1A[2KChrome 140.0.0.0 (Windows 10): Executed 58 of 78[31m (4 FAILED)[39m (0 secs / 25.431 secs)
[1A[2KChrome 140.0.0.0 (Windows 10): Executed 59 of 78[31m (4 FAILED)[39m (0 secs / 25.435 secs)
[1A[2KChrome 140.0.0.0 (Windows 10): Executed 60 of 78[31m (4 FAILED)[39m (0 secs / 25.438 secs)
[1A[2KChrome 140.0.0.0 (Windows 10): Executed 61 of 78[31m (4 FAILED)[39m (0 secs / 25.441 secs)
[1A[2KChrome 140.0.0.0 (Windows 10): Executed 62 of 78[31m (4 FAILED)[39m (0 secs / 25.444 secs)
[1A[2KChrome 140.0.0.0 (Windows 10): Executed 63 of 78[31m (4 FAILED)[39m (0 secs / 25.446 secs)
[1A[2KChrome 140.0.0.0 (Windows 10): Executed 64 of 78[31m (4 FAILED)[39m (0 secs / 25.448 secs)
[1A[2KChrome 140.0.0.0 (Windows 10): Executed 65 of 78[31m (4 FAILED)[39m (0 secs / 25.45 secs)
[1A[2KChrome 140.0.0.0 (Windows 10): Executed 66 of 78[31m (4 FAILED)[39m (0 secs / 25.452 secs)
[1A[2KChrome 140.0.0.0 (Windows 10): Executed 67 of 78[31m (4 FAILED)[39m (0 secs / 25.453 secs)
[1A[2KChrome 140.0.0.0 (Windows 10): Executed 68 of 78[31m (4 FAILED)[39m (0 secs / 25.455 secs)
[1A[2KChrome 140.0.0.0 (Windows 10): Executed 69 of 78[31m (4 FAILED)[39m (0 secs / 25.457 secs)
[1A[2KChrome 140.0.0.0 (Windows 10): Executed 70 of 78[31m (4 FAILED)[39m (0 secs / 25.458 secs)
[1A[2KChrome 140.0.0.0 (Windows 10): Executed 71 of 78[31m (4 FAILED)[39m (0 secs / 25.459 secs)
[1A[2KChrome 140.0.0.0 (Windows 10): Executed 72 of 78[31m (4 FAILED)[39m (0 secs / 25.461 secs)
[1A[2KChrome 140.0.0.0 (Windows 10): Executed 73 of 78[31m (4 FAILED)[39m (0 secs / 25.463 secs)
[1A[2KChrome 140.0.0.0 (Windows 10): Executed 74 of 78[31m (4 FAILED)[39m (0 secs / 25.466 secs)
[1A[2KChrome 140.0.0.0 (Windows 10): Executed 75 of 78[31m (4 FAILED)[39m (0 secs / 25.468 secs)
[1A[2KChrome 140.0.0.0 (Windows 10): Executed 76 of 78[31m (4 FAILED)[39m (0 secs / 25.469 secs)
[1A[2KChrome 140.0.0.0 (Windows 10): Executed 77 of 78[31m (4 FAILED)[39m (0 secs / 25.471 secs)
[1A[2KChrome 140.0.0.0 (Windows 10): Executed 78 of 78[31m (4 FAILED)[39m (0 secs / 25.479 secs)
[1A[2KChrome 140.0.0.0 (Windows 10): Executed 78 of 78[31m (4 FAILED)[39m (25.536 secs / 25.479 secs)
[31mTOTAL: 4 FAILED, 74 SUCCESS[39m
Ô£ö Browser application bundle generation complete.
Ô£ö Browser application bundle generation complete.
npm ERR! Test failed.  See above for more details.
